
*** Running vivado
    with args -log system_wrapper.vdi -applog -m64 -product Vivado -messageDb vivado.pb -mode batch -source system_wrapper.tcl -notrace



****** Vivado v2022.1 (64-bit)
  **** SW Build 3526262 on Mon Apr 18 15:48:16 MDT 2022
  **** IP Build 3524634 on Mon Apr 18 20:55:01 MDT 2022
    ** Copyright 1986-2022 Xilinx, Inc. All Rights Reserved.

source system_wrapper.tcl -notrace
Command: open_checkpoint C:/Users/ryand/OneDrive/Documents/Xilinx/ECE153A/Vivado/ECE_153A_Lab2/ECE_153A_Lab2.runs/impl_1/system_wrapper.dcp
INFO: [Device 21-403] Loading part xc7a100tcsg324-1
Netlist sorting complete. Time (s): cpu = 00:00:00 ; elapsed = 00:00:00.682 . Memory (MB): peak = 1400.609 ; gain = 0.000
INFO: [Netlist 29-17] Analyzing 1113 Unisim elements for replacement
INFO: [Netlist 29-28] Unisim Transformation completed in 1 CPU seconds
INFO: [Project 1-479] Netlist was created with Vivado 2022.1
INFO: [Project 1-570] Preparing netlist for logic optimization
INFO: [Timing 38-478] Restoring timing data from binary archive.
INFO: [Timing 38-479] Binary timing data restore complete.
INFO: [Project 1-856] Restoring constraints from binary archive.
INFO: [Project 1-853] Binary constraint restore complete.
Reading XDEF placement.
Reading placer database...
Reading XDEF routing.
Read XDEF Files: Time (s): cpu = 00:00:00 ; elapsed = 00:00:00.061 . Memory (MB): peak = 1702.855 ; gain = 0.000
Restored from archive | CPU: 0.000000 secs | Memory: 0.000000 MB |
Finished XDEF File Restore: Time (s): cpu = 00:00:00 ; elapsed = 00:00:00.061 . Memory (MB): peak = 1702.855 ; gain = 0.000
Netlist sorting complete. Time (s): cpu = 00:00:00 ; elapsed = 00:00:00.013 . Memory (MB): peak = 1702.855 ; gain = 0.000
INFO: [Project 1-111] Unisim Transformation Summary:
  A total of 403 instances were transformed.
  IOBUFDS_INTERMDISABLE => IOBUFDS_INTERMDISABLE (IBUFDS_INTERMDISABLE_INT(x2), INV, OBUFTDS(x2)): 2 instances
  IOBUF_INTERMDISABLE => IOBUF_INTERMDISABLE (IBUF_INTERMDISABLE, OBUFT): 16 instances
  LUT6_2 => LUT6_2 (LUT5, LUT6): 64 instances
  OBUFDS => OBUFDS_DUAL_BUF (INV, OBUFDS(x2)): 1 instance 
  RAM16X1D => RAM32X1D (RAMD32(x2)): 33 instances
  RAM32M => RAM32M (RAMD32(x6), RAMS32(x2)): 280 instances
  RAM32X1D => RAM32X1D (RAMD32(x2)): 7 instances

INFO: [Project 1-604] Checkpoint was created with Vivado v2022.1 (64-bit) build 3526262
open_checkpoint: Time (s): cpu = 00:00:07 ; elapsed = 00:00:16 . Memory (MB): peak = 1702.855 ; gain = 302.246
INFO: [IP_Flow 19-234] Refreshing IP repositories
INFO: [IP_Flow 19-1700] Loaded user IP repository 'c:/Users/ryand/OneDrive/Documents/Xilinx/ECE153A/Vivado/lab_files_2024/vivado/seven/ip_repo'.
INFO: [IP_Flow 19-2313] Loaded Vivado IP repository 'D:/Xilinx/Vivado/2022.1/data/ip'.
WARNING: [IP_Flow 19-4995] The host OS only allows 260 characters in a normal path. The IP cache path is more than 80 characters. If you experience issues with IP caching, please consider changing the IP cache to a location with a shorter path. Alternately consider using the OS subst command to map part of the path to a drive letter. 
Current IP cache path is C:/Users/ryand/OneDrive/Documents/Xilinx/ECE153A/Vivado/ECE_153A_Lab2/ECE_153A_Lab2.cache/ip 
Command: opt_design
Attempting to get a license for feature 'Implementation' and/or device 'xc7a100t'
INFO: [Common 17-349] Got license for feature 'Implementation' and/or device 'xc7a100t'
Running DRC as a precondition to command opt_design

Starting DRC Task
INFO: [DRC 23-27] Running DRC with 2 threads
INFO: [Project 1-461] DRC finished with 0 Errors
INFO: [Project 1-462] Please refer to the DRC report (report_drc) for more information.

Time (s): cpu = 00:00:00 ; elapsed = 00:00:00.833 . Memory (MB): peak = 1702.855 ; gain = 0.000

Starting Cache Timing Information Task
INFO: [Timing 38-35] Done setting XDC timing constraints.
Ending Cache Timing Information Task | Checksum: 1f3206803

Time (s): cpu = 00:00:01 ; elapsed = 00:00:00.800 . Memory (MB): peak = 1777.930 ; gain = 75.074

Starting Logic Optimization Task

Phase 1 Generate And Synthesize Debug Cores
INFO: [Chipscope 16-329] Generating Script for core instance : dbg_hub 
INFO: [IP_Flow 19-3806] Processing IP xilinx.com:ip:xsdbm:3.0 for cell dbg_hub_CV.
INFO: [Chipscope 16-329] Generating Script for core instance : u_ila_0 
INFO: [IP_Flow 19-3806] Processing IP xilinx.com:ip:ila:6.2 for cell u_ila_0_CV.
Netlist sorting complete. Time (s): cpu = 00:00:00 ; elapsed = 00:00:00.055 . Memory (MB): peak = 2151.496 ; gain = 0.000
Phase 1 Generate And Synthesize Debug Cores | Checksum: 14a2d9724

Time (s): cpu = 00:00:02 ; elapsed = 00:01:42 . Memory (MB): peak = 2151.496 ; gain = 62.270

Phase 2 Retarget
INFO: [Opt 31-1287] Pulled Inverter system_i/mdm_1/U0/MDM_Core_I1/JTAG_CONTROL_I/Use_BSCAN.FDC_I/Use_Serial_Unified_Completion.Completion_Status_Register.sample_1[15]_i_1 into driver instance system_i/mdm_1/U0/MDM_Core_I1/JTAG_CONTROL_I/Use_BSCAN.FDC_I/Use_Serial_Unified_Completion.Completion_Status_Register.sample_1[15]_i_2, which resulted in an inversion of 14 pins
INFO: [Opt 31-1287] Pulled Inverter system_i/microblaze_0/U0/MicroBlaze_Core_I/Using_FPGA.Native_i_1__1 into driver instance system_i/microblaze_0_local_memory/ilmb_bram_if_cntlr/U0/Sl_Ready_INST_0, which resulted in an inversion of 34 pins
INFO: [Opt 31-1287] Pulled Inverter system_i/mig_7series_0/u_system_mig_7series_0_0_mig/u_memc_ui_top_axi/mem_intfc0/ddr_phy_top0/u_ddr_calib_top/ddr_phy_tempmon_0/tempmon_state[0]_i_1 into driver instance system_i/mig_7series_0/u_system_mig_7series_0_0_mig/u_memc_ui_top_axi/mem_intfc0/ddr_phy_top0/u_ddr_calib_top/ddr_phy_tempmon_0/tempmon_state[10]_i_6, which resulted in an inversion of 14 pins
INFO: [Opt 31-1287] Pulled Inverter system_i/mig_7series_0/u_system_mig_7series_0_0_mig/u_memc_ui_top_axi/mem_intfc0/ddr_phy_top0/u_ddr_calib_top/u_ddr_phy_init/calib_wrdata_en_i_1 into driver instance system_i/mig_7series_0/u_system_mig_7series_0_0_mig/u_memc_ui_top_axi/mem_intfc0/ddr_phy_top0/u_ddr_calib_top/u_ddr_phy_init/calib_wrdata_en_i_2, which resulted in an inversion of 7 pins
INFO: [Opt 31-1287] Pulled Inverter system_i/mig_7series_0/u_system_mig_7series_0_0_mig/u_memc_ui_top_axi/mem_intfc0/mc0/bank_mach0/arb_mux0/arb_row_col0/col_arb0/periodic_rd_generation.read_this_rank_r_i_1 into driver instance system_i/mig_7series_0/u_system_mig_7series_0_0_mig/u_memc_ui_top_axi/mem_intfc0/mc0/bank_mach0/arb_mux0/arb_row_col0/col_arb0/periodic_rd_generation.read_this_rank_r_i_2, which resulted in an inversion of 2 pins
INFO: [Opt 31-1287] Pulled Inverter system_i/mig_7series_0/u_system_mig_7series_0_0_mig/u_memc_ui_top_axi/mem_intfc0/mc0/bank_mach0/bank_cntrl[0].bank0/bank_queue0/idle_r_lcl_i_1 into driver instance system_i/mig_7series_0/u_system_mig_7series_0_0_mig/u_memc_ui_top_axi/mem_intfc0/mc0/bank_mach0/bank_cntrl[0].bank0/bank_queue0/idle_r_lcl_i_2, which resulted in an inversion of 13 pins
INFO: [Opt 31-1287] Pulled Inverter system_i/mig_7series_0/u_system_mig_7series_0_0_mig/u_memc_ui_top_axi/mem_intfc0/mc0/bank_mach0/bank_cntrl[1].bank0/bank_queue0/idle_r_lcl_i_1__0 into driver instance system_i/mig_7series_0/u_system_mig_7series_0_0_mig/u_memc_ui_top_axi/mem_intfc0/mc0/bank_mach0/bank_cntrl[1].bank0/bank_queue0/idle_r_lcl_i_2__0, which resulted in an inversion of 12 pins
INFO: [Opt 31-1287] Pulled Inverter system_i/mig_7series_0/u_system_mig_7series_0_0_mig/u_memc_ui_top_axi/mem_intfc0/mc0/bank_mach0/bank_cntrl[2].bank0/bank_queue0/idle_r_lcl_i_1__1 into driver instance system_i/mig_7series_0/u_system_mig_7series_0_0_mig/u_memc_ui_top_axi/mem_intfc0/mc0/bank_mach0/bank_cntrl[2].bank0/bank_queue0/idle_r_lcl_i_2__1, which resulted in an inversion of 13 pins
INFO: [Opt 31-1287] Pulled Inverter system_i/mig_7series_0/u_system_mig_7series_0_0_mig/u_memc_ui_top_axi/mem_intfc0/mc0/bank_mach0/bank_cntrl[3].bank0/bank_queue0/idle_r_lcl_i_1__2 into driver instance system_i/mig_7series_0/u_system_mig_7series_0_0_mig/u_memc_ui_top_axi/mem_intfc0/mc0/bank_mach0/bank_cntrl[3].bank0/bank_queue0/idle_r_lcl_i_2__2, which resulted in an inversion of 12 pins
INFO: [Opt 31-1287] Pulled Inverter system_i/mig_7series_0/u_system_mig_7series_0_0_mig/u_memc_ui_top_axi/mem_intfc0/mc0/bank_mach0/bank_cntrl[4].bank0/bank_queue0/idle_r_lcl_i_1__3 into driver instance system_i/mig_7series_0/u_system_mig_7series_0_0_mig/u_memc_ui_top_axi/mem_intfc0/mc0/bank_mach0/bank_cntrl[4].bank0/bank_queue0/idle_r_lcl_i_2__3, which resulted in an inversion of 12 pins
INFO: [Opt 31-1287] Pulled Inverter system_i/mig_7series_0/u_system_mig_7series_0_0_mig/u_memc_ui_top_axi/mem_intfc0/mc0/bank_mach0/bank_cntrl[5].bank0/bank_queue0/idle_r_lcl_i_1__4 into driver instance system_i/mig_7series_0/u_system_mig_7series_0_0_mig/u_memc_ui_top_axi/mem_intfc0/mc0/bank_mach0/bank_cntrl[5].bank0/bank_queue0/idle_r_lcl_i_2__4, which resulted in an inversion of 12 pins
INFO: [Opt 31-1287] Pulled Inverter system_i/mig_7series_0/u_system_mig_7series_0_0_mig/u_memc_ui_top_axi/mem_intfc0/mc0/bank_mach0/bank_cntrl[6].bank0/bank_queue0/idle_r_lcl_i_1__5 into driver instance system_i/mig_7series_0/u_system_mig_7series_0_0_mig/u_memc_ui_top_axi/mem_intfc0/mc0/bank_mach0/bank_cntrl[6].bank0/bank_queue0/idle_r_lcl_i_2__5, which resulted in an inversion of 13 pins
INFO: [Opt 31-1287] Pulled Inverter system_i/mig_7series_0/u_system_mig_7series_0_0_mig/u_memc_ui_top_axi/mem_intfc0/mc0/bank_mach0/bank_cntrl[7].bank0/bank_queue0/idle_r_lcl_i_1__6 into driver instance system_i/mig_7series_0/u_system_mig_7series_0_0_mig/u_memc_ui_top_axi/mem_intfc0/mc0/bank_mach0/bank_cntrl[7].bank0/bank_queue0/idle_r_lcl_i_2__6, which resulted in an inversion of 13 pins
INFO: [Opt 31-138] Pushed 25 inverter(s) to 112 load pin(s).
In IDDR TRANSFORM
INFO: [Opt 31-49] Retargeted 0 cell(s).
Phase 2 Retarget | Checksum: 167e73f38

Time (s): cpu = 00:00:02 ; elapsed = 00:01:43 . Memory (MB): peak = 2151.496 ; gain = 62.270
INFO: [Opt 31-389] Phase Retarget created 281 cells and removed 453 cells
INFO: [Opt 31-1021] In phase Retarget, 133 netlist objects are constrained preventing optimization. Please run opt_design with -debug_log to get more detail. 

Phase 3 Constant propagation
INFO: [Opt 31-138] Pushed 5 inverter(s) to 16 load pin(s).
Phase 3 Constant propagation | Checksum: b7f8a99c

Time (s): cpu = 00:00:03 ; elapsed = 00:01:44 . Memory (MB): peak = 2151.496 ; gain = 62.270
INFO: [Opt 31-389] Phase Constant propagation created 391 cells and removed 1252 cells
INFO: [Opt 31-1021] In phase Constant propagation, 98 netlist objects are constrained preventing optimization. Please run opt_design with -debug_log to get more detail. 

Phase 4 Sweep
Phase 4 Sweep | Checksum: cd15845c

Time (s): cpu = 00:00:03 ; elapsed = 00:01:45 . Memory (MB): peak = 2151.496 ; gain = 62.270
INFO: [Opt 31-389] Phase Sweep created 22 cells and removed 993 cells
INFO: [Opt 31-1021] In phase Sweep, 961 netlist objects are constrained preventing optimization. Please run opt_design with -debug_log to get more detail. 

Phase 5 BUFG optimization
INFO: [Opt 31-194] Inserted BUFG system_i/mdm_1/U0/Use_E2.BSCAN_I/Dbg_Update_0_BUFG_inst to drive 42 load(s) on clock net system_i/mdm_1/U0/Use_E2.BSCAN_I/Dbg_Update_0_BUFG
INFO: [Opt 31-193] Inserted 1 BUFG(s) on clock nets
Phase 5 BUFG optimization | Checksum: a4322e87

Time (s): cpu = 00:00:04 ; elapsed = 00:01:45 . Memory (MB): peak = 2151.496 ; gain = 62.270
INFO: [Opt 31-662] Phase BUFG optimization created 1 cells of which 1 are BUFGs and removed 0 cells.

Phase 6 Shift Register Optimization
INFO: [Opt 31-1064] SRL Remap converted 0 SRLs to 0 registers and converted 0 registers of register chains to 0 SRLs
Phase 6 Shift Register Optimization | Checksum: a4322e87

Time (s): cpu = 00:00:04 ; elapsed = 00:01:45 . Memory (MB): peak = 2151.496 ; gain = 62.270
INFO: [Opt 31-389] Phase Shift Register Optimization created 0 cells and removed 0 cells

Phase 7 Post Processing Netlist
INFO: [Opt 31-1287] Pulled Inverter system_i/microblaze_0/U0/MicroBlaze_Core_I/Performance.Core/Decode_I/Using_FPGA_2.ex_is_load_instr_Inst/MEM_Sel_MEM_Res_I_i_1 into driver instance system_i/microblaze_0/U0/MicroBlaze_Core_I/Performance.Core/Decode_I/Using_FPGA_2.ex_is_load_instr_Inst/MEM_Sel_MEM_Res_I_i_2, which resulted in an inversion of 1 pins
INFO: [Opt 31-1287] Pulled Inverter system_i/mig_7series_0/u_system_mig_7series_0_0_mig/u_memc_ui_top_axi/u_axi_mc/axi_mc_ar_channel_0/ar_cmd_fsm_0/r_rlast_i_1 into driver instance system_i/mig_7series_0/u_system_mig_7series_0_0_mig/u_memc_ui_top_axi/u_axi_mc/axi_mc_ar_channel_0/ar_cmd_fsm_0/r_ignore_end_r_i_3, which resulted in an inversion of 3 pins
Phase 7 Post Processing Netlist | Checksum: 17bee8a80

Time (s): cpu = 00:00:04 ; elapsed = 00:01:45 . Memory (MB): peak = 2151.496 ; gain = 62.270
INFO: [Opt 31-389] Phase Post Processing Netlist created 0 cells and removed 2 cells
INFO: [Opt 31-1021] In phase Post Processing Netlist, 94 netlist objects are constrained preventing optimization. Please run opt_design with -debug_log to get more detail. 
Opt_design Change Summary
=========================


-------------------------------------------------------------------------------------------------------------------------
|  Phase                        |  #Cells created  |  #Cells Removed  |  #Constrained objects preventing optimizations  |
-------------------------------------------------------------------------------------------------------------------------
|  Retarget                     |             281  |             453  |                                            133  |
|  Constant propagation         |             391  |            1252  |                                             98  |
|  Sweep                        |              22  |             993  |                                            961  |
|  BUFG optimization            |               1  |               0  |                                              0  |
|  Shift Register Optimization  |               0  |               0  |                                              0  |
|  Post Processing Netlist      |               0  |               2  |                                             94  |
-------------------------------------------------------------------------------------------------------------------------



Starting Connectivity Check Task

Time (s): cpu = 00:00:00 ; elapsed = 00:00:00.039 . Memory (MB): peak = 2151.496 ; gain = 0.000
Ending Logic Optimization Task | Checksum: 133fd55f4

Time (s): cpu = 00:00:04 ; elapsed = 00:01:46 . Memory (MB): peak = 2151.496 ; gain = 62.270

Starting Power Optimization Task
INFO: [Pwropt 34-132] Skipping clock gating for clocks with a period < 2.00 ns.
INFO: [Timing 38-35] Done setting XDC timing constraints.
Running Vector-less Activity Propagation...
INFO: [Pwropt 34-9] Applying IDT optimizations ...
INFO: [Pwropt 34-10] Applying ODC optimizations ...

Finished Running Vector-less Activity Propagation


Starting PowerOpt Patch Enables Task
INFO: [Pwropt 34-162] WRITE_MODE attribute of 0 BRAM(s) out of a total of 72 has been updated to save power. Run report_power_opt to get a complete listing of the BRAMs updated.
INFO: [Pwropt 34-201] Structural ODC has moved 0 WE to EN ports
Number of BRAM Ports augmented: 37 newly gated: 11 Total Ports: 144
Ending PowerOpt Patch Enables Task | Checksum: 12b1ebd2a

Time (s): cpu = 00:00:00 ; elapsed = 00:00:00.286 . Memory (MB): peak = 2512.055 ; gain = 0.000
Ending Power Optimization Task | Checksum: 12b1ebd2a

Time (s): cpu = 00:00:07 ; elapsed = 00:00:07 . Memory (MB): peak = 2512.055 ; gain = 360.559

Starting Final Cleanup Task

Starting Logic Optimization Task
INFO: [Timing 38-35] Done setting XDC timing constraints.
Ending Logic Optimization Task | Checksum: 15cbea1df

Time (s): cpu = 00:00:02 ; elapsed = 00:00:02 . Memory (MB): peak = 2512.055 ; gain = 0.000
Ending Final Cleanup Task | Checksum: 15cbea1df

Time (s): cpu = 00:00:03 ; elapsed = 00:00:04 . Memory (MB): peak = 2512.055 ; gain = 0.000

Starting Netlist Obfuscation Task
Netlist sorting complete. Time (s): cpu = 00:00:00 ; elapsed = 00:00:00.013 . Memory (MB): peak = 2512.055 ; gain = 0.000
Ending Netlist Obfuscation Task | Checksum: 15cbea1df

Time (s): cpu = 00:00:00 ; elapsed = 00:00:00.017 . Memory (MB): peak = 2512.055 ; gain = 0.000
INFO: [Common 17-83] Releasing license: Implementation
69 Infos, 5 Warnings, 0 Critical Warnings and 0 Errors encountered.
opt_design completed successfully
opt_design: Time (s): cpu = 00:00:16 ; elapsed = 00:02:01 . Memory (MB): peak = 2512.055 ; gain = 809.199
INFO: [Timing 38-35] Done setting XDC timing constraints.
INFO: [Timing 38-480] Writing timing data to binary archive.
Writing XDEF routing.
Writing XDEF routing logical nets.
Writing XDEF routing special nets.
Write XDEF Complete: Time (s): cpu = 00:00:00 ; elapsed = 00:00:00.047 . Memory (MB): peak = 2512.055 ; gain = 0.000
INFO: [Common 17-1381] The checkpoint 'C:/Users/ryand/OneDrive/Documents/Xilinx/ECE153A/Vivado/ECE_153A_Lab2/ECE_153A_Lab2.runs/impl_1/system_wrapper_opt.dcp' has been generated.
INFO: [runtcl-4] Executing : report_drc -file system_wrapper_drc_opted.rpt -pb system_wrapper_drc_opted.pb -rpx system_wrapper_drc_opted.rpx
Command: report_drc -file system_wrapper_drc_opted.rpt -pb system_wrapper_drc_opted.pb -rpx system_wrapper_drc_opted.rpx
INFO: [IP_Flow 19-1839] IP Catalog is up to date.
INFO: [DRC 23-27] Running DRC with 2 threads
INFO: [Vivado_Tcl 2-168] The results of DRC are in file C:/Users/ryand/OneDrive/Documents/Xilinx/ECE153A/Vivado/ECE_153A_Lab2/ECE_153A_Lab2.runs/impl_1/system_wrapper_drc_opted.rpt.
report_drc completed successfully
INFO: [Chipscope 16-240] Debug cores have already been implemented
Command: place_design
Attempting to get a license for feature 'Implementation' and/or device 'xc7a100t'
INFO: [Common 17-349] Got license for feature 'Implementation' and/or device 'xc7a100t'
INFO: [DRC 23-27] Running DRC with 2 threads
INFO: [Vivado_Tcl 4-198] DRC finished with 0 Errors
INFO: [Vivado_Tcl 4-199] Please refer to the DRC report (report_drc) for more information.
Running DRC as a precondition to command place_design
INFO: [DRC 23-27] Running DRC with 2 threads
INFO: [Vivado_Tcl 4-198] DRC finished with 0 Errors
INFO: [Vivado_Tcl 4-199] Please refer to the DRC report (report_drc) for more information.

Starting Placer Task
INFO: [Place 30-611] Multithreading enabled for place_design using a maximum of 2 CPUs

Phase 1 Placer Initialization

Phase 1.1 Placer Initialization Netlist Sorting
Netlist sorting complete. Time (s): cpu = 00:00:00 ; elapsed = 00:00:00.012 . Memory (MB): peak = 2512.055 ; gain = 0.000
Phase 1.1 Placer Initialization Netlist Sorting | Checksum: 12f021ec7

Time (s): cpu = 00:00:00 ; elapsed = 00:00:00.019 . Memory (MB): peak = 2512.055 ; gain = 0.000
Netlist sorting complete. Time (s): cpu = 00:00:00 ; elapsed = 00:00:00.011 . Memory (MB): peak = 2512.055 ; gain = 0.000

Phase 1.2 IO Placement/ Clock Placement/ Build Placer Device
Phase 1.2 IO Placement/ Clock Placement/ Build Placer Device | Checksum: f2ab138c

Time (s): cpu = 00:00:01 ; elapsed = 00:00:01 . Memory (MB): peak = 2512.055 ; gain = 0.000

Phase 1.3 Build Placer Netlist Model
Phase 1.3 Build Placer Netlist Model | Checksum: 10d777115

Time (s): cpu = 00:00:04 ; elapsed = 00:00:05 . Memory (MB): peak = 2512.055 ; gain = 0.000

Phase 1.4 Constrain Clocks/Macros
Phase 1.4 Constrain Clocks/Macros | Checksum: 10d777115

Time (s): cpu = 00:00:04 ; elapsed = 00:00:05 . Memory (MB): peak = 2512.055 ; gain = 0.000
Phase 1 Placer Initialization | Checksum: 10d777115

Time (s): cpu = 00:00:04 ; elapsed = 00:00:05 . Memory (MB): peak = 2512.055 ; gain = 0.000

Phase 2 Global Placement

Phase 2.1 Floorplanning
Phase 2.1 Floorplanning | Checksum: 15aa390c7

Time (s): cpu = 00:00:04 ; elapsed = 00:00:06 . Memory (MB): peak = 2512.055 ; gain = 0.000

Phase 2.2 Update Timing before SLR Path Opt
Phase 2.2 Update Timing before SLR Path Opt | Checksum: 183bd9edb

Time (s): cpu = 00:00:05 ; elapsed = 00:00:07 . Memory (MB): peak = 2512.055 ; gain = 0.000

Phase 2.3 Post-Processing in Floorplanning
Phase 2.3 Post-Processing in Floorplanning | Checksum: 183bd9edb

Time (s): cpu = 00:00:05 ; elapsed = 00:00:07 . Memory (MB): peak = 2512.055 ; gain = 0.000

Phase 2.4 Global Placement Core

Phase 2.4.1 Physical Synthesis In Placer
INFO: [Physopt 32-1035] Found 0 LUTNM shape to break, 1157 LUT instances to create LUTNM shape
INFO: [Physopt 32-1044] Break lutnm for timing: one critical 0, two critical 0, total 0, new lutff created 0
INFO: [Physopt 32-1138] End 1 Pass. Optimized 496 nets or LUTs. Breaked 0 LUT, combined 496 existing LUTs and moved 0 existing LUT
INFO: [Physopt 32-65] No nets found for high-fanout optimization.
INFO: [Physopt 32-232] Optimized 0 net. Created 0 new instance.
INFO: [Physopt 32-775] End 1 Pass. Optimized 0 net or cell. Created 0 new cell, deleted 0 existing cell and moved 0 existing cell
INFO: [Physopt 32-456] No candidate cells for DSP register optimization found in the design.
INFO: [Physopt 32-775] End 2 Pass. Optimized 0 net or cell. Created 0 new cell, deleted 0 existing cell and moved 0 existing cell
INFO: [Physopt 32-1123] No candidate cells found for Shift Register to Pipeline optimization
INFO: [Physopt 32-775] End 1 Pass. Optimized 0 net or cell. Created 0 new cell, deleted 0 existing cell and moved 0 existing cell
INFO: [Physopt 32-677] No candidate cells for Shift Register optimization found in the design
INFO: [Physopt 32-775] End 1 Pass. Optimized 0 net or cell. Created 0 new cell, deleted 0 existing cell and moved 0 existing cell
INFO: [Physopt 32-526] No candidate cells for BRAM register optimization found in the design
INFO: [Physopt 32-775] End 1 Pass. Optimized 0 net or cell. Created 0 new cell, deleted 0 existing cell and moved 0 existing cell
INFO: [Physopt 32-846] No candidate cells for URAM register optimization found in the design
INFO: [Physopt 32-775] End 2 Pass. Optimized 0 net or cell. Created 0 new cell, deleted 0 existing cell and moved 0 existing cell
INFO: [Physopt 32-949] No candidate nets found for dynamic/static region interface net replication
INFO: [Physopt 32-775] End 1 Pass. Optimized 0 net or cell. Created 0 new cell, deleted 0 existing cell and moved 0 existing cell
Netlist sorting complete. Time (s): cpu = 00:00:00 ; elapsed = 00:00:00.011 . Memory (MB): peak = 2512.055 ; gain = 0.000

Summary of Physical Synthesis Optimizations
============================================


-----------------------------------------------------------------------------------------------------------------------------------------------------------
|  Optimization                                     |  Added Cells  |  Removed Cells  |  Optimized Cells/Nets  |  Dont Touch  |  Iterations  |  Elapsed   |
-----------------------------------------------------------------------------------------------------------------------------------------------------------
|  LUT Combining                                    |            0  |            496  |                   496  |           0  |           1  |  00:00:00  |
|  Retime                                           |            0  |              0  |                     0  |           0  |           1  |  00:00:00  |
|  Very High Fanout                                 |            0  |              0  |                     0  |           0  |           1  |  00:00:00  |
|  DSP Register                                     |            0  |              0  |                     0  |           0  |           1  |  00:00:00  |
|  Shift Register to Pipeline                       |            0  |              0  |                     0  |           0  |           1  |  00:00:00  |
|  Shift Register                                   |            0  |              0  |                     0  |           0  |           1  |  00:00:00  |
|  BRAM Register                                    |            0  |              0  |                     0  |           0  |           1  |  00:00:00  |
|  URAM Register                                    |            0  |              0  |                     0  |           0  |           1  |  00:00:00  |
|  Dynamic/Static Region Interface Net Replication  |            0  |              0  |                     0  |           0  |           1  |  00:00:00  |
|  Total                                            |            0  |            496  |                   496  |           0  |           9  |  00:00:01  |
-----------------------------------------------------------------------------------------------------------------------------------------------------------


Phase 2.4.1 Physical Synthesis In Placer | Checksum: 27b967f9e

Time (s): cpu = 00:00:13 ; elapsed = 00:00:19 . Memory (MB): peak = 2512.055 ; gain = 0.000
Phase 2.4 Global Placement Core | Checksum: 236793bb4

Time (s): cpu = 00:00:14 ; elapsed = 00:00:19 . Memory (MB): peak = 2512.055 ; gain = 0.000
Phase 2 Global Placement | Checksum: 236793bb4

Time (s): cpu = 00:00:14 ; elapsed = 00:00:19 . Memory (MB): peak = 2512.055 ; gain = 0.000

Phase 3 Detail Placement

Phase 3.1 Commit Multi Column Macros
Phase 3.1 Commit Multi Column Macros | Checksum: 235f379e8

Time (s): cpu = 00:00:14 ; elapsed = 00:00:20 . Memory (MB): peak = 2512.055 ; gain = 0.000

Phase 3.2 Commit Most Macros & LUTRAMs
Phase 3.2 Commit Most Macros & LUTRAMs | Checksum: 254f2c15b

Time (s): cpu = 00:00:16 ; elapsed = 00:00:22 . Memory (MB): peak = 2512.055 ; gain = 0.000

Phase 3.3 Area Swap Optimization
Phase 3.3 Area Swap Optimization | Checksum: 1e220016a

Time (s): cpu = 00:00:16 ; elapsed = 00:00:23 . Memory (MB): peak = 2512.055 ; gain = 0.000

Phase 3.4 Pipeline Register Optimization
Phase 3.4 Pipeline Register Optimization | Checksum: 1fccd863c

Time (s): cpu = 00:00:16 ; elapsed = 00:00:23 . Memory (MB): peak = 2512.055 ; gain = 0.000

Phase 3.5 Fast Optimization
Phase 3.5 Fast Optimization | Checksum: 250455fb0

Time (s): cpu = 00:00:17 ; elapsed = 00:00:25 . Memory (MB): peak = 2512.055 ; gain = 0.000

Phase 3.6 Small Shape Detail Placement
Phase 3.6 Small Shape Detail Placement | Checksum: 14a672d4f

Time (s): cpu = 00:00:18 ; elapsed = 00:00:32 . Memory (MB): peak = 2512.055 ; gain = 0.000

Phase 3.7 Re-assign LUT pins
Phase 3.7 Re-assign LUT pins | Checksum: 11137e01a

Time (s): cpu = 00:00:19 ; elapsed = 00:00:33 . Memory (MB): peak = 2512.055 ; gain = 0.000

Phase 3.8 Pipeline Register Optimization
Phase 3.8 Pipeline Register Optimization | Checksum: 15b709183

Time (s): cpu = 00:00:19 ; elapsed = 00:00:33 . Memory (MB): peak = 2512.055 ; gain = 0.000

Phase 3.9 Fast Optimization
Phase 3.9 Fast Optimization | Checksum: 143ce5655

Time (s): cpu = 00:00:19 ; elapsed = 00:00:36 . Memory (MB): peak = 2512.055 ; gain = 0.000
Phase 3 Detail Placement | Checksum: 143ce5655

Time (s): cpu = 00:00:19 ; elapsed = 00:00:36 . Memory (MB): peak = 2512.055 ; gain = 0.000

Phase 4 Post Placement Optimization and Clean-Up

Phase 4.1 Post Commit Optimization
INFO: [Timing 38-35] Done setting XDC timing constraints.

Phase 4.1.1 Post Placement Optimization
Post Placement Optimization Initialization | Checksum: 13c1fbb45

Phase 4.1.1.1 BUFG Insertion

Starting Physical Synthesis Task

Phase 1 Physical Synthesis Initialization
INFO: [Physopt 32-721] Multithreading enabled for phys_opt_design using a maximum of 2 CPUs
INFO: [Physopt 32-619] Estimated Timing Summary | WNS=-0.177 | TNS=-0.177 |
Phase 1 Physical Synthesis Initialization | Checksum: 135c866f9

Time (s): cpu = 00:00:00 ; elapsed = 00:00:00.917 . Memory (MB): peak = 2512.055 ; gain = 0.000
INFO: [Place 46-56] BUFG insertion identified 0 candidate nets. Inserted BUFG: 0, Replicated BUFG Driver: 0, Skipped due to Placement/Routing Conflicts: 0, Skipped due to Timing Degradation: 0, Skipped due to Illegal Netlist: 0.
Ending Physical Synthesis Task | Checksum: 13893a526

Time (s): cpu = 00:00:00 ; elapsed = 00:00:01 . Memory (MB): peak = 2512.055 ; gain = 0.000
Phase 4.1.1.1 BUFG Insertion | Checksum: 13c1fbb45

Time (s): cpu = 00:00:20 ; elapsed = 00:00:42 . Memory (MB): peak = 2512.055 ; gain = 0.000

Phase 4.1.1.2 Post Placement Timing Optimization
INFO: [Place 30-746] Post Placement Timing Summary WNS=0.509. For the most accurate timing information please run report_timing.
Phase 4.1.1.2 Post Placement Timing Optimization | Checksum: 17c364a96

Time (s): cpu = 00:00:21 ; elapsed = 00:00:43 . Memory (MB): peak = 2512.055 ; gain = 0.000

Time (s): cpu = 00:00:21 ; elapsed = 00:00:43 . Memory (MB): peak = 2512.055 ; gain = 0.000
Phase 4.1 Post Commit Optimization | Checksum: 17c364a96

Time (s): cpu = 00:00:21 ; elapsed = 00:00:43 . Memory (MB): peak = 2512.055 ; gain = 0.000

Phase 4.2 Post Placement Cleanup
Phase 4.2 Post Placement Cleanup | Checksum: 17c364a96

Time (s): cpu = 00:00:21 ; elapsed = 00:00:43 . Memory (MB): peak = 2512.055 ; gain = 0.000

Phase 4.3 Placer Reporting

Phase 4.3.1 Print Estimated Congestion
INFO: [Place 30-612] Post-Placement Estimated Congestion 
 ____________________________________________________
|           | Global Congestion | Short Congestion  |
| Direction | Region Size       | Region Size       |
|___________|___________________|___________________|
|      North|                1x1|                4x4|
|___________|___________________|___________________|
|      South|                1x1|                4x4|
|___________|___________________|___________________|
|       East|                1x1|                1x1|
|___________|___________________|___________________|
|       West|                1x1|                1x1|
|___________|___________________|___________________|

Phase 4.3.1 Print Estimated Congestion | Checksum: 17c364a96

Time (s): cpu = 00:00:21 ; elapsed = 00:00:43 . Memory (MB): peak = 2512.055 ; gain = 0.000
Phase 4.3 Placer Reporting | Checksum: 17c364a96

Time (s): cpu = 00:00:21 ; elapsed = 00:00:44 . Memory (MB): peak = 2512.055 ; gain = 0.000

Phase 4.4 Final Placement Cleanup
Netlist sorting complete. Time (s): cpu = 00:00:00 ; elapsed = 00:00:00.013 . Memory (MB): peak = 2512.055 ; gain = 0.000

Time (s): cpu = 00:00:21 ; elapsed = 00:00:44 . Memory (MB): peak = 2512.055 ; gain = 0.000
Phase 4 Post Placement Optimization and Clean-Up | Checksum: cea0d16c

Time (s): cpu = 00:00:21 ; elapsed = 00:00:44 . Memory (MB): peak = 2512.055 ; gain = 0.000
Ending Placer Task | Checksum: bf13e804

Time (s): cpu = 00:00:21 ; elapsed = 00:00:44 . Memory (MB): peak = 2512.055 ; gain = 0.000
INFO: [Common 17-83] Releasing license: Implementation
110 Infos, 5 Warnings, 0 Critical Warnings and 0 Errors encountered.
place_design completed successfully
place_design: Time (s): cpu = 00:00:22 ; elapsed = 00:00:45 . Memory (MB): peak = 2512.055 ; gain = 0.000
INFO: [Timing 38-480] Writing timing data to binary archive.
Writing XDEF routing.
Writing XDEF routing logical nets.
Writing XDEF routing special nets.
Write XDEF Complete: Time (s): cpu = 00:00:01 ; elapsed = 00:00:01 . Memory (MB): peak = 2512.055 ; gain = 0.000
INFO: [Common 17-1381] The checkpoint 'C:/Users/ryand/OneDrive/Documents/Xilinx/ECE153A/Vivado/ECE_153A_Lab2/ECE_153A_Lab2.runs/impl_1/system_wrapper_placed.dcp' has been generated.
write_checkpoint: Time (s): cpu = 00:00:02 ; elapsed = 00:00:06 . Memory (MB): peak = 2512.055 ; gain = 0.000
INFO: [runtcl-4] Executing : report_io -file system_wrapper_io_placed.rpt
report_io: Time (s): cpu = 00:00:00 ; elapsed = 00:00:00.047 . Memory (MB): peak = 2512.055 ; gain = 0.000
INFO: [runtcl-4] Executing : report_utilization -file system_wrapper_utilization_placed.rpt -pb system_wrapper_utilization_placed.pb
INFO: [runtcl-4] Executing : report_control_sets -verbose -file system_wrapper_control_sets_placed.rpt
report_control_sets: Time (s): cpu = 00:00:00 ; elapsed = 00:00:00.073 . Memory (MB): peak = 2512.055 ; gain = 0.000
Command: phys_opt_design
Attempting to get a license for feature 'Implementation' and/or device 'xc7a100t'
INFO: [Common 17-349] Got license for feature 'Implementation' and/or device 'xc7a100t'
INFO: [Vivado_Tcl 4-383] Design worst setup slack (WNS) is greater than or equal to 0.000 ns. Skipping all physical synthesis optimizations.
INFO: [Vivado_Tcl 4-232] No setup violation found. The netlist was not modified.
INFO: [Common 17-83] Releasing license: Implementation
119 Infos, 5 Warnings, 0 Critical Warnings and 0 Errors encountered.
phys_opt_design completed successfully
INFO: [Timing 38-480] Writing timing data to binary archive.
Writing XDEF routing.
Writing XDEF routing logical nets.
Writing XDEF routing special nets.
Write XDEF Complete: Time (s): cpu = 00:00:01 ; elapsed = 00:00:01 . Memory (MB): peak = 2512.055 ; gain = 0.000
INFO: [Common 17-1381] The checkpoint 'C:/Users/ryand/OneDrive/Documents/Xilinx/ECE153A/Vivado/ECE_153A_Lab2/ECE_153A_Lab2.runs/impl_1/system_wrapper_physopt.dcp' has been generated.
Command: route_design
Attempting to get a license for feature 'Implementation' and/or device 'xc7a100t'
INFO: [Common 17-349] Got license for feature 'Implementation' and/or device 'xc7a100t'
Running DRC as a precondition to command route_design
INFO: [DRC 23-27] Running DRC with 2 threads
INFO: [Vivado_Tcl 4-198] DRC finished with 0 Errors
INFO: [Vivado_Tcl 4-199] Please refer to the DRC report (report_drc) for more information.


Starting Routing Task
INFO: [Route 35-254] Multithreading enabled for route_design using a maximum of 2 CPUs

Phase 1 Build RT Design
Checksum: PlaceDB: 95e61684 ConstDB: 0 ShapeSum: 292dd180 RouteDB: 0
Post Restoration Checksum: NetGraph: 760e59e4 NumContArr: 55e001a3 Constraints: 0 Timing: 0
Phase 1 Build RT Design | Checksum: cbee5b87

Time (s): cpu = 00:00:06 ; elapsed = 00:00:21 . Memory (MB): peak = 2512.055 ; gain = 0.000

Phase 2 Router Initialization

Phase 2.1 Fix Topology Constraints
Phase 2.1 Fix Topology Constraints | Checksum: cbee5b87

Time (s): cpu = 00:00:06 ; elapsed = 00:00:21 . Memory (MB): peak = 2512.055 ; gain = 0.000

Phase 2.2 Pre Route Cleanup
Phase 2.2 Pre Route Cleanup | Checksum: cbee5b87

Time (s): cpu = 00:00:06 ; elapsed = 00:00:21 . Memory (MB): peak = 2512.055 ; gain = 0.000
 Number of Nodes with overlaps = 0

Phase 2.3 Update Timing
Phase 2.3 Update Timing | Checksum: 1601f6624

Time (s): cpu = 00:00:07 ; elapsed = 00:00:26 . Memory (MB): peak = 2535.039 ; gain = 22.984
INFO: [Route 35-416] Intermediate Timing Summary | WNS=0.712  | TNS=0.000  | WHS=-0.303 | THS=-575.073|


Phase 2.4 Update Timing for Bus Skew

Phase 2.4.1 Update Timing
Phase 2.4.1 Update Timing | Checksum: 1850d150e

Time (s): cpu = 00:00:08 ; elapsed = 00:00:30 . Memory (MB): peak = 2590.527 ; gain = 78.473
INFO: [Route 35-416] Intermediate Timing Summary | WNS=0.712  | TNS=0.000  | WHS=N/A    | THS=N/A    |

Phase 2.4 Update Timing for Bus Skew | Checksum: c920f368

Time (s): cpu = 00:00:08 ; elapsed = 00:00:30 . Memory (MB): peak = 2590.527 ; gain = 78.473

Router Utilization Summary
  Global Vertical Routing Utilization    = 0.00374287 %
  Global Horizontal Routing Utilization  = 0.00355215 %
  Routable Net Status*
  *Does not include unroutable nets such as driverless and loadless.
  Run report_route_status for detailed report.
  Number of Failed Nets               = 22421
    (Failed Nets is the sum of unrouted and partially routed nets)
  Number of Unrouted Nets             = 22421
  Number of Partially Routed Nets     = 0
  Number of Node Overlaps             = 0

Phase 2 Router Initialization | Checksum: 1bb8bc06f

Time (s): cpu = 00:00:08 ; elapsed = 00:00:30 . Memory (MB): peak = 2590.527 ; gain = 78.473

Phase 3 Initial Routing

Phase 3.1 Global Routing
Phase 3.1 Global Routing | Checksum: 1bb8bc06f

Time (s): cpu = 00:00:08 ; elapsed = 00:00:30 . Memory (MB): peak = 2590.527 ; gain = 78.473
Phase 3 Initial Routing | Checksum: 1daeaf6f7

Time (s): cpu = 00:00:16 ; elapsed = 00:00:41 . Memory (MB): peak = 2634.066 ; gain = 122.012

Phase 4 Rip-up And Reroute

Phase 4.1 Global Iteration 0
 Number of Nodes with overlaps = 2429
 Number of Nodes with overlaps = 278
 Number of Nodes with overlaps = 49
 Number of Nodes with overlaps = 16
 Number of Nodes with overlaps = 5
 Number of Nodes with overlaps = 3
 Number of Nodes with overlaps = 2
 Number of Nodes with overlaps = 0
INFO: [Route 35-416] Intermediate Timing Summary | WNS=0.797  | TNS=0.000  | WHS=N/A    | THS=N/A    |

Phase 4.1 Global Iteration 0 | Checksum: 10a2f0d6f

Time (s): cpu = 00:00:22 ; elapsed = 00:00:58 . Memory (MB): peak = 2634.066 ; gain = 122.012

Phase 4.2 Global Iteration 1
 Number of Nodes with overlaps = 5
 Number of Nodes with overlaps = 2
 Number of Nodes with overlaps = 1
 Number of Nodes with overlaps = 0
INFO: [Route 35-416] Intermediate Timing Summary | WNS=0.797  | TNS=0.000  | WHS=N/A    | THS=N/A    |

Phase 4.2 Global Iteration 1 | Checksum: 1115e0997

Time (s): cpu = 00:00:22 ; elapsed = 00:01:00 . Memory (MB): peak = 2634.066 ; gain = 122.012
Phase 4 Rip-up And Reroute | Checksum: 1115e0997

Time (s): cpu = 00:00:22 ; elapsed = 00:01:00 . Memory (MB): peak = 2634.066 ; gain = 122.012

Phase 5 Delay and Skew Optimization

Phase 5.1 Delay CleanUp

Phase 5.1.1 Update Timing
Phase 5.1.1 Update Timing | Checksum: 17f578b88

Time (s): cpu = 00:00:23 ; elapsed = 00:01:01 . Memory (MB): peak = 2634.066 ; gain = 122.012
INFO: [Route 35-416] Intermediate Timing Summary | WNS=0.799  | TNS=0.000  | WHS=N/A    | THS=N/A    |

Phase 5.1 Delay CleanUp | Checksum: 15e35803e

Time (s): cpu = 00:00:23 ; elapsed = 00:01:01 . Memory (MB): peak = 2634.066 ; gain = 122.012

Phase 5.2 Clock Skew Optimization
Phase 5.2 Clock Skew Optimization | Checksum: 15e35803e

Time (s): cpu = 00:00:23 ; elapsed = 00:01:01 . Memory (MB): peak = 2634.066 ; gain = 122.012
Phase 5 Delay and Skew Optimization | Checksum: 15e35803e

Time (s): cpu = 00:00:23 ; elapsed = 00:01:01 . Memory (MB): peak = 2634.066 ; gain = 122.012

Phase 6 Post Hold Fix

Phase 6.1 Hold Fix Iter

Phase 6.1.1 Update Timing
Phase 6.1.1 Update Timing | Checksum: d6398a21

Time (s): cpu = 00:00:23 ; elapsed = 00:01:02 . Memory (MB): peak = 2634.066 ; gain = 122.012
INFO: [Route 35-416] Intermediate Timing Summary | WNS=0.799  | TNS=0.000  | WHS=0.021  | THS=0.000  |

Phase 6.1 Hold Fix Iter | Checksum: 16188f35e

Time (s): cpu = 00:00:23 ; elapsed = 00:01:02 . Memory (MB): peak = 2634.066 ; gain = 122.012
Phase 6 Post Hold Fix | Checksum: 16188f35e

Time (s): cpu = 00:00:23 ; elapsed = 00:01:02 . Memory (MB): peak = 2634.066 ; gain = 122.012

Phase 7 Route finalize

Router Utilization Summary
  Global Vertical Routing Utilization    = 5.03878 %
  Global Horizontal Routing Utilization  = 5.77799 %
  Routable Net Status*
  *Does not include unroutable nets such as driverless and loadless.
  Run report_route_status for detailed report.
  Number of Failed Nets               = 0
    (Failed Nets is the sum of unrouted and partially routed nets)
  Number of Unrouted Nets             = 0
  Number of Partially Routed Nets     = 0
  Number of Node Overlaps             = 0

Phase 7 Route finalize | Checksum: d43b665b

Time (s): cpu = 00:00:23 ; elapsed = 00:01:02 . Memory (MB): peak = 2634.066 ; gain = 122.012

Phase 8 Verifying routed nets

 Verification completed successfully
Phase 8 Verifying routed nets | Checksum: d43b665b

Time (s): cpu = 00:00:23 ; elapsed = 00:01:02 . Memory (MB): peak = 2634.066 ; gain = 122.012

Phase 9 Depositing Routes
Phase 9 Depositing Routes | Checksum: 10aae7c33

Time (s): cpu = 00:00:23 ; elapsed = 00:01:04 . Memory (MB): peak = 2634.066 ; gain = 122.012

Phase 10 Post Router Timing
INFO: [Route 35-57] Estimated Timing Summary | WNS=0.799  | TNS=0.000  | WHS=0.021  | THS=0.000  |

INFO: [Route 35-327] The final timing numbers are based on the router estimated timing analysis. For a complete and accurate timing signoff, please run report_timing_summary.
Phase 10 Post Router Timing | Checksum: 10aae7c33

Time (s): cpu = 00:00:23 ; elapsed = 00:01:05 . Memory (MB): peak = 2634.066 ; gain = 122.012
INFO: [Route 35-16] Router Completed Successfully

Time (s): cpu = 00:00:23 ; elapsed = 00:01:05 . Memory (MB): peak = 2634.066 ; gain = 122.012

Routing Is Done.
INFO: [Common 17-83] Releasing license: Implementation
136 Infos, 5 Warnings, 0 Critical Warnings and 0 Errors encountered.
route_design completed successfully
route_design: Time (s): cpu = 00:00:24 ; elapsed = 00:01:09 . Memory (MB): peak = 2634.066 ; gain = 122.012
INFO: [Timing 38-480] Writing timing data to binary archive.
Writing XDEF routing.
Writing XDEF routing logical nets.
Writing XDEF routing special nets.
Write XDEF Complete: Time (s): cpu = 00:00:02 ; elapsed = 00:00:02 . Memory (MB): peak = 2634.066 ; gain = 0.000
INFO: [Common 17-1381] The checkpoint 'C:/Users/ryand/OneDrive/Documents/Xilinx/ECE153A/Vivado/ECE_153A_Lab2/ECE_153A_Lab2.runs/impl_1/system_wrapper_routed.dcp' has been generated.
write_checkpoint: Time (s): cpu = 00:00:03 ; elapsed = 00:00:07 . Memory (MB): peak = 2634.066 ; gain = 0.000
INFO: [runtcl-4] Executing : report_drc -file system_wrapper_drc_routed.rpt -pb system_wrapper_drc_routed.pb -rpx system_wrapper_drc_routed.rpx
Command: report_drc -file system_wrapper_drc_routed.rpt -pb system_wrapper_drc_routed.pb -rpx system_wrapper_drc_routed.rpx
INFO: [IP_Flow 19-1839] IP Catalog is up to date.
INFO: [DRC 23-27] Running DRC with 2 threads
INFO: [Vivado_Tcl 2-168] The results of DRC are in file C:/Users/ryand/OneDrive/Documents/Xilinx/ECE153A/Vivado/ECE_153A_Lab2/ECE_153A_Lab2.runs/impl_1/system_wrapper_drc_routed.rpt.
report_drc completed successfully
report_drc: Time (s): cpu = 00:00:03 ; elapsed = 00:00:06 . Memory (MB): peak = 2634.066 ; gain = 0.000
INFO: [runtcl-4] Executing : report_methodology -file system_wrapper_methodology_drc_routed.rpt -pb system_wrapper_methodology_drc_routed.pb -rpx system_wrapper_methodology_drc_routed.rpx
Command: report_methodology -file system_wrapper_methodology_drc_routed.rpt -pb system_wrapper_methodology_drc_routed.pb -rpx system_wrapper_methodology_drc_routed.rpx
INFO: [Timing 38-35] Done setting XDC timing constraints.
INFO: [DRC 23-133] Running Methodology with 2 threads
INFO: [Vivado_Tcl 2-1520] The results of Report Methodology are in file C:/Users/ryand/OneDrive/Documents/Xilinx/ECE153A/Vivado/ECE_153A_Lab2/ECE_153A_Lab2.runs/impl_1/system_wrapper_methodology_drc_routed.rpt.
report_methodology completed successfully
report_methodology: Time (s): cpu = 00:00:02 ; elapsed = 00:00:06 . Memory (MB): peak = 2634.066 ; gain = 0.000
INFO: [runtcl-4] Executing : report_power -file system_wrapper_power_routed.rpt -pb system_wrapper_power_summary_routed.pb -rpx system_wrapper_power_routed.rpx
Command: report_power -file system_wrapper_power_routed.rpt -pb system_wrapper_power_summary_routed.pb -rpx system_wrapper_power_routed.rpx
INFO: [Timing 38-35] Done setting XDC timing constraints.
Running Vector-less Activity Propagation...

Finished Running Vector-less Activity Propagation
WARNING: [Power 33-332] Found switching activity that implies high-fanout reset nets being asserted for excessive periods of time which may result in inaccurate power analysis.
Resolution: To review and fix problems, please run Power Constraints Advisor in the GUI from Tools > Power Constraints Advisor or run report_power with the -advisory option to generate a text report.
148 Infos, 6 Warnings, 0 Critical Warnings and 0 Errors encountered.
report_power completed successfully
report_power: Time (s): cpu = 00:00:04 ; elapsed = 00:00:07 . Memory (MB): peak = 2636.617 ; gain = 2.551
INFO: [runtcl-4] Executing : report_route_status -file system_wrapper_route_status.rpt -pb system_wrapper_route_status.pb
INFO: [runtcl-4] Executing : report_timing_summary -max_paths 10 -report_unconstrained -file system_wrapper_timing_summary_routed.rpt -pb system_wrapper_timing_summary_routed.pb -rpx system_wrapper_timing_summary_routed.rpx -warn_on_violation 
INFO: [Timing 38-91] UpdateTimingParams: Speed grade: -1, Delay Type: min_max.
INFO: [Timing 38-191] Multithreading enabled for timing update using a maximum of 2 CPUs
WARNING: [Timing 38-436] There are set_bus_skew constraint(s) in this design. Please run report_bus_skew to ensure that bus skew requirements are met.
INFO: [runtcl-4] Executing : report_incremental_reuse -file system_wrapper_incremental_reuse_routed.rpt
INFO: [Vivado_Tcl 4-1062] Incremental flow is disabled. No incremental reuse Info to report.
INFO: [runtcl-4] Executing : report_clock_utilization -file system_wrapper_clock_utilization_routed.rpt
INFO: [runtcl-4] Executing : report_bus_skew -warn_on_violation -file system_wrapper_bus_skew_routed.rpt -pb system_wrapper_bus_skew_routed.pb -rpx system_wrapper_bus_skew_routed.rpx
INFO: [Timing 38-91] UpdateTimingParams: Speed grade: -1, Delay Type: min_max.
INFO: [Timing 38-191] Multithreading enabled for timing update using a maximum of 2 CPUs
INFO: [Memdata 28-167] Found XPM memory block system_i/smartconnect_0/inst/s01_nodes/s01_w_node/inst/inst_mi_handler/gen_normal_area.inst_fifo_node_payld/gen_xpm_memory_fifo.inst_fifo/gen_mem_rep[0].inst_xpm_memory/xpm_memory_base_inst with a P_MEMORY_PRIMITIVE property set to distributed. A value of block is required. You will not be able to use the updatemem program to update the bitstream with new data for the system_i/smartconnect_0/inst/s01_nodes/s01_w_node/inst/inst_mi_handler/gen_normal_area.inst_fifo_node_payld/gen_xpm_memory_fifo.inst_fifo/gen_mem_rep[0].inst_xpm_memory/xpm_memory_base_inst block.
INFO: [Memdata 28-167] Found XPM memory block system_i/smartconnect_0/inst/s01_nodes/s01_w_node/inst/inst_mi_handler/gen_normal_area.gen_fifo_req.inst_fifo_req/gen_xpm_memory_fifo.inst_fifo/gen_mem_rep[0].inst_xpm_memory/xpm_memory_base_inst with a P_MEMORY_PRIMITIVE property set to distributed. A value of block is required. You will not be able to use the updatemem program to update the bitstream with new data for the system_i/smartconnect_0/inst/s01_nodes/s01_w_node/inst/inst_mi_handler/gen_normal_area.gen_fifo_req.inst_fifo_req/gen_xpm_memory_fifo.inst_fifo/gen_mem_rep[0].inst_xpm_memory/xpm_memory_base_inst block.
INFO: [Memdata 28-167] Found XPM memory block system_i/smartconnect_0/inst/s01_nodes/s01_r_node/inst/inst_mi_handler/gen_normal_area.inst_fifo_node_payld/gen_xpm_memory_fifo.inst_fifo/gen_mem_rep[0].inst_xpm_memory/xpm_memory_base_inst with a P_MEMORY_PRIMITIVE property set to distributed. A value of block is required. You will not be able to use the updatemem program to update the bitstream with new data for the system_i/smartconnect_0/inst/s01_nodes/s01_r_node/inst/inst_mi_handler/gen_normal_area.inst_fifo_node_payld/gen_xpm_memory_fifo.inst_fifo/gen_mem_rep[0].inst_xpm_memory/xpm_memory_base_inst block.
INFO: [Memdata 28-167] Found XPM memory block system_i/smartconnect_0/inst/s01_nodes/s01_aw_node/inst/inst_mi_handler/gen_normal_area.inst_fifo_node_payld/gen_xpm_memory_fifo.inst_fifo/gen_mem_rep[0].inst_xpm_memory/xpm_memory_base_inst with a P_MEMORY_PRIMITIVE property set to distributed. A value of block is required. You will not be able to use the updatemem program to update the bitstream with new data for the system_i/smartconnect_0/inst/s01_nodes/s01_aw_node/inst/inst_mi_handler/gen_normal_area.inst_fifo_node_payld/gen_xpm_memory_fifo.inst_fifo/gen_mem_rep[0].inst_xpm_memory/xpm_memory_base_inst block.
INFO: [Memdata 28-167] Found XPM memory block system_i/smartconnect_0/inst/s01_nodes/s01_ar_node/inst/inst_mi_handler/gen_normal_area.inst_fifo_node_payld/gen_xpm_memory_fifo.inst_fifo/gen_mem_rep[0].inst_xpm_memory/xpm_memory_base_inst with a P_MEMORY_PRIMITIVE property set to distributed. A value of block is required. You will not be able to use the updatemem program to update the bitstream with new data for the system_i/smartconnect_0/inst/s01_nodes/s01_ar_node/inst/inst_mi_handler/gen_normal_area.inst_fifo_node_payld/gen_xpm_memory_fifo.inst_fifo/gen_mem_rep[0].inst_xpm_memory/xpm_memory_base_inst block.
INFO: [Memdata 28-167] Found XPM memory block system_i/smartconnect_0/inst/s00_nodes/s00_r_node/inst/inst_mi_handler/gen_normal_area.inst_fifo_node_payld/gen_xpm_memory_fifo.inst_fifo/gen_mem_rep[0].inst_xpm_memory/xpm_memory_base_inst with a P_MEMORY_PRIMITIVE property set to distributed. A value of block is required. You will not be able to use the updatemem program to update the bitstream with new data for the system_i/smartconnect_0/inst/s00_nodes/s00_r_node/inst/inst_mi_handler/gen_normal_area.inst_fifo_node_payld/gen_xpm_memory_fifo.inst_fifo/gen_mem_rep[0].inst_xpm_memory/xpm_memory_base_inst block.
INFO: [Memdata 28-167] Found XPM memory block system_i/smartconnect_0/inst/s00_nodes/s00_ar_node/inst/inst_mi_handler/gen_normal_area.inst_fifo_node_payld/gen_xpm_memory_fifo.inst_fifo/gen_mem_rep[0].inst_xpm_memory/xpm_memory_base_inst with a P_MEMORY_PRIMITIVE property set to distributed. A value of block is required. You will not be able to use the updatemem program to update the bitstream with new data for the system_i/smartconnect_0/inst/s00_nodes/s00_ar_node/inst/inst_mi_handler/gen_normal_area.inst_fifo_node_payld/gen_xpm_memory_fifo.inst_fifo/gen_mem_rep[0].inst_xpm_memory/xpm_memory_base_inst block.
INFO: [Memdata 28-167] Found XPM memory block system_i/smartconnect_0/inst/m00_nodes/m00_w_node/inst/inst_si_handler/gen_si_handler.gen_request_fifos.gen_req_fifo[1].inst_req_fifo/gen_xpm_memory_fifo.inst_fifo/gen_mem_rep[0].inst_xpm_memory/xpm_memory_base_inst with a P_MEMORY_PRIMITIVE property set to distributed. A value of block is required. You will not be able to use the updatemem program to update the bitstream with new data for the system_i/smartconnect_0/inst/m00_nodes/m00_w_node/inst/inst_si_handler/gen_si_handler.gen_request_fifos.gen_req_fifo[1].inst_req_fifo/gen_xpm_memory_fifo.inst_fifo/gen_mem_rep[0].inst_xpm_memory/xpm_memory_base_inst block.
INFO: [Memdata 28-167] Found XPM memory block system_i/smartconnect_0/inst/m00_nodes/m00_w_node/inst/inst_mi_handler/gen_normal_area.inst_fifo_node_payld/gen_xpm_memory_fifo.inst_fifo/gen_mem_rep[0].inst_xpm_memory/xpm_memory_base_inst with a P_MEMORY_PRIMITIVE property set to distributed. A value of block is required. You will not be able to use the updatemem program to update the bitstream with new data for the system_i/smartconnect_0/inst/m00_nodes/m00_w_node/inst/inst_mi_handler/gen_normal_area.inst_fifo_node_payld/gen_xpm_memory_fifo.inst_fifo/gen_mem_rep[0].inst_xpm_memory/xpm_memory_base_inst block.
INFO: [Memdata 28-167] Found XPM memory block system_i/smartconnect_0/inst/m00_nodes/m00_r_node/inst/inst_mi_handler/gen_normal_area.inst_fifo_node_payld/gen_xpm_memory_fifo.inst_fifo/gen_mem_rep[0].inst_xpm_memory/xpm_memory_base_inst with a P_MEMORY_PRIMITIVE property set to distributed. A value of block is required. You will not be able to use the updatemem program to update the bitstream with new data for the system_i/smartconnect_0/inst/m00_nodes/m00_r_node/inst/inst_mi_handler/gen_normal_area.inst_fifo_node_payld/gen_xpm_memory_fifo.inst_fifo/gen_mem_rep[0].inst_xpm_memory/xpm_memory_base_inst block.
INFO: [Memdata 28-167] Found XPM memory block system_i/smartconnect_0/inst/m00_nodes/m00_r_node/inst/inst_mi_handler/gen_normal_area.gen_fifo_req.inst_fifo_req/gen_xpm_memory_fifo.inst_fifo/gen_mem_rep[0].inst_xpm_memory/xpm_memory_base_inst with a P_MEMORY_PRIMITIVE property set to distributed. A value of block is required. You will not be able to use the updatemem program to update the bitstream with new data for the system_i/smartconnect_0/inst/m00_nodes/m00_r_node/inst/inst_mi_handler/gen_normal_area.gen_fifo_req.inst_fifo_req/gen_xpm_memory_fifo.inst_fifo/gen_mem_rep[0].inst_xpm_memory/xpm_memory_base_inst block.
INFO: [Memdata 28-167] Found XPM memory block system_i/smartconnect_0/inst/m00_nodes/m00_b_node/inst/inst_mi_handler/gen_normal_area.gen_fifo_req.inst_fifo_req/gen_xpm_memory_fifo.inst_fifo/gen_mem_rep[0].inst_xpm_memory/xpm_memory_base_inst with a P_MEMORY_PRIMITIVE property set to distributed. A value of block is required. You will not be able to use the updatemem program to update the bitstream with new data for the system_i/smartconnect_0/inst/m00_nodes/m00_b_node/inst/inst_mi_handler/gen_normal_area.gen_fifo_req.inst_fifo_req/gen_xpm_memory_fifo.inst_fifo/gen_mem_rep[0].inst_xpm_memory/xpm_memory_base_inst block.
INFO: [Memdata 28-167] Found XPM memory block system_i/smartconnect_0/inst/m00_nodes/m00_aw_node/inst/inst_mi_handler/gen_normal_area.inst_fifo_node_payld/gen_xpm_memory_fifo.inst_fifo/gen_mem_rep[0].inst_xpm_memory/xpm_memory_base_inst with a P_MEMORY_PRIMITIVE property set to distributed. A value of block is required. You will not be able to use the updatemem program to update the bitstream with new data for the system_i/smartconnect_0/inst/m00_nodes/m00_aw_node/inst/inst_mi_handler/gen_normal_area.inst_fifo_node_payld/gen_xpm_memory_fifo.inst_fifo/gen_mem_rep[0].inst_xpm_memory/xpm_memory_base_inst block.
INFO: [Memdata 28-167] Found XPM memory block system_i/smartconnect_0/inst/m00_nodes/m00_ar_node/inst/inst_mi_handler/gen_normal_area.inst_fifo_node_payld/gen_xpm_memory_fifo.inst_fifo/gen_mem_rep[0].inst_xpm_memory/xpm_memory_base_inst with a P_MEMORY_PRIMITIVE property set to distributed. A value of block is required. You will not be able to use the updatemem program to update the bitstream with new data for the system_i/smartconnect_0/inst/m00_nodes/m00_ar_node/inst/inst_mi_handler/gen_normal_area.inst_fifo_node_payld/gen_xpm_memory_fifo.inst_fifo/gen_mem_rep[0].inst_xpm_memory/xpm_memory_base_inst block.
Command: write_bitstream -force system_wrapper.bit
Attempting to get a license for feature 'Implementation' and/or device 'xc7a100t'
INFO: [Common 17-349] Got license for feature 'Implementation' and/or device 'xc7a100t'
Running DRC as a precondition to command write_bitstream
INFO: [IP_Flow 19-1839] IP Catalog is up to date.
INFO: [DRC 23-27] Running DRC with 2 threads
WARNING: [DRC PDCN-1569] LUT equation term check: Used physical LUT pin 'A2' of cell dbg_hub/inst/BSCANID.u_xsdbm_id/SWITCH_N_EXT_BSCAN.bscan_switch/temp_curid[31]_i_1 (pin dbg_hub/inst/BSCANID.u_xsdbm_id/SWITCH_N_EXT_BSCAN.bscan_switch/temp_curid[31]_i_1/I1) is not included in the LUT equation: 'O5=(A5*A1)+(A5*(~A1)*(~A3))+((~A5))'. If this cell is a user instantiated LUT in the design, please remove connectivity to the pin or change the equation and/or INIT string of the LUT to prevent this issue. If the cell is inferred or IP created LUT, please regenerate the IP and/or resynthesize the design to attempt to correct the issue.
WARNING: [DRC PDCN-1569] LUT equation term check: Used physical LUT pin 'A2' of cell dbg_hub/inst/BSCANID.u_xsdbm_id/SWITCH_N_EXT_BSCAN.id_state[0]_i_1 (pin dbg_hub/inst/BSCANID.u_xsdbm_id/SWITCH_N_EXT_BSCAN.id_state[0]_i_1/I0) is not included in the LUT equation: 'O6=(A6+~A6)*((A4))'. If this cell is a user instantiated LUT in the design, please remove connectivity to the pin or change the equation and/or INIT string of the LUT to prevent this issue. If the cell is inferred or IP created LUT, please regenerate the IP and/or resynthesize the design to attempt to correct the issue.
WARNING: [DRC PDCN-1569] LUT equation term check: Used physical LUT pin 'A4' of cell dbg_hub/inst/BSCANID.u_xsdbm_id/SWITCH_N_EXT_BSCAN.bscan_switch/temp_curid[31]_i_1 (pin dbg_hub/inst/BSCANID.u_xsdbm_id/SWITCH_N_EXT_BSCAN.bscan_switch/temp_curid[31]_i_1/I0) is not included in the LUT equation: 'O5=(A5*A1)+(A5*(~A1)*(~A3))+((~A5))'. If this cell is a user instantiated LUT in the design, please remove connectivity to the pin or change the equation and/or INIT string of the LUT to prevent this issue. If the cell is inferred or IP created LUT, please regenerate the IP and/or resynthesize the design to attempt to correct the issue.
WARNING: [DRC REQP-1709] Clock output buffering: PLLE2_ADV connectivity violation. The signal system_i/mig_7series_0/u_system_mig_7series_0_0_mig/u_ddr2_infrastructure/pll_clk3_out on the system_i/mig_7series_0/u_system_mig_7series_0_0_mig/u_ddr2_infrastructure/plle2_i/CLKOUT3 pin of system_i/mig_7series_0/u_system_mig_7series_0_0_mig/u_ddr2_infrastructure/plle2_i does not drive the same kind of BUFFER load as the other CLKOUT pins. Routing from the different buffer types will not be phase aligned.
WARNING: [DRC RTSTAT-10] No routable loads: 25 net(s) have no routable loads. The problem bus(es) and/or net(s) are dbg_hub/inst/BSCANID.u_xsdbm_id/SWITCH_N_EXT_BSCAN.bscan_inst/TMS, dbg_hub/inst/BSCANID.u_xsdbm_id/CORE_XSDB.UUT_MASTER/U_ICON_INTERFACE/U_CMD6_RD/U_RD_FIFO/SUBCORE_FIFO.xsdbm_v3_0_0_rdfifo_inst/inst_fifo_gen/gconvfifo.rf/grf.rf/gntv_or_sync_fifo.gl0.rd/gr1.gr1_int.rfwft/aempty_fwft_i, dbg_hub/inst/BSCANID.u_xsdbm_id/CORE_XSDB.UUT_MASTER/U_ICON_INTERFACE/U_CMD7_CTL/ctl_reg[2:0], dbg_hub/inst/BSCANID.u_xsdbm_id/CORE_XSDB.UUT_MASTER/U_ICON_INTERFACE/U_CMD1/ctl_reg_en_2[1], dbg_hub/inst/BSCANID.u_xsdbm_id/CORE_XSDB.UUT_MASTER/U_ICON_INTERFACE/U_CMD7_CTL/ctl_reg_en_2[1], dbg_hub/inst/BSCANID.u_xsdbm_id/SWITCH_N_EXT_BSCAN.bscan_switch/m_bscan_capture[0], dbg_hub/inst/BSCANID.u_xsdbm_id/SWITCH_N_EXT_BSCAN.bscan_switch/m_bscan_drck[0], dbg_hub/inst/BSCANID.u_xsdbm_id/SWITCH_N_EXT_BSCAN.bscan_switch/m_bscan_runtest[0], dbg_hub/inst/BSCANID.u_xsdbm_id/CORE_XSDB.UUT_MASTER/U_ICON_INTERFACE/U_CMD6_WR/U_WR_FIFO/SUBCORE_FIFO.xsdbm_v3_0_0_wrfifo_inst/inst_fifo_gen/gconvfifo.rf/grf.rf/rstblk/ngwrdrst.grst.rd_rst_reg[0], dbg_hub/inst/BSCANID.u_xsdbm_id/CORE_XSDB.UUT_MASTER/U_ICON_INTERFACE/U_CMD6_WR/U_WR_FIFO/SUBCORE_FIFO.xsdbm_v3_0_0_wrfifo_inst/inst_fifo_gen/gconvfifo.rf/grf.rf/rstblk/ngwrdrst.grst.wr_rst_reg[2], dbg_hub/inst/BSCANID.u_xsdbm_id/CORE_XSDB.UUT_MASTER/U_ICON_INTERFACE/U_CMD6_RD/U_RD_FIFO/SUBCORE_FIFO.xsdbm_v3_0_0_rdfifo_inst/inst_fifo_gen/gconvfifo.rf/grf.rf/rstblk/ngwrdrst.grst.wr_rst_reg[2], dbg_hub/inst/BSCANID.u_xsdbm_id/CORE_XSDB.UUT_MASTER/U_ICON_INTERFACE/U_CMD6_RD/U_RD_FIFO/SUBCORE_FIFO.xsdbm_v3_0_0_rdfifo_inst/inst_fifo_gen/gconvfifo.rf/grf.rf/gntv_or_sync_fifo.gl0.wr/gwhf.whf/overflow, dbg_hub/inst/BSCANID.u_xsdbm_id/CORE_XSDB.UUT_MASTER/U_ICON_INTERFACE/U_CMD6_WR/U_WR_FIFO/SUBCORE_FIFO.xsdbm_v3_0_0_wrfifo_inst/inst_fifo_gen/gconvfifo.rf/grf.rf/gntv_or_sync_fifo.gl0.wr/gwhf.whf/overflow, dbg_hub/inst/BSCANID.u_xsdbm_id/CORE_XSDB.UUT_MASTER/U_ICON_INTERFACE/U_CMD6_RD/U_RD_FIFO/SUBCORE_FIFO.xsdbm_v3_0_0_rdfifo_inst/inst_fifo_gen/gconvfifo.rf/grf.rf/gntv_or_sync_fifo.gl0.rd/gras.rsts/ram_empty_i, dbg_hub/inst/BSCANID.u_xsdbm_id/CORE_XSDB.UUT_MASTER/U_ICON_INTERFACE/U_CMD6_WR/U_WR_FIFO/SUBCORE_FIFO.xsdbm_v3_0_0_wrfifo_inst/inst_fifo_gen/gconvfifo.rf/grf.rf/gntv_or_sync_fifo.gl0.wr/gwas.wsts/ram_full_i... and (the first 15 of 23 listed).
INFO: [Vivado 12-3199] DRC finished with 0 Errors, 5 Warnings
INFO: [Vivado 12-3200] Please refer to the DRC report (report_drc) for more information.
INFO: [Designutils 20-2272] Running write_bitstream with 2 threads.
Loading data files...
Loading site data...
Loading route data...
Processing options...
Creating bitmap...
Creating bitstream...
Writing bitstream ./system_wrapper.bit...
INFO: [Vivado 12-1842] Bitgen Completed Successfully.
INFO: [Project 1-1876] WebTalk data collection is mandatory when using a ULT device. To see the specific WebTalk data collected for your design, open the usage_statistics_webtalk.html or usage_statistics_webtalk.xml file in the implementation directory.
INFO: [Common 17-83] Releasing license: Implementation
26 Infos, 5 Warnings, 0 Critical Warnings and 0 Errors encountered.
write_bitstream completed successfully
write_bitstream: Time (s): cpu = 00:00:09 ; elapsed = 00:00:16 . Memory (MB): peak = 3156.113 ; gain = 493.547
INFO: [Common 17-206] Exiting Vivado at Wed Oct 23 15:06:53 2024...
