Nothing to build in platform 'ECE153a_Lab1'

15:57:54 **** Incremental Build of configuration Debug for project Hello_World ****
make all 
'Building file: ../src/timing.c'
'Invoking: MicroBlaze gcc compiler'
mb-gcc -Wall -O0 -g3 -c -fmessage-length=0 -MT"src/timing.o" -IC:/Users/ryand/OneDrive/Documents/Xilinx/ECE153A/Vitis/ECE153a_Lab1/ECE153a_Lab1/export/ECE153a_Lab1/sw/ECE153a_Lab1/standalone_domain/bspinclude/include -mlittle-endian -mxl-barrel-shift -mcpu=v11.0 -mno-xl-soft-mul -Wl,--no-relax -ffunction-sections -fdata-sections -MMD -MP -MF"src/timing.d" -MT"src/timing.o" -o "src/timing.o" "../src/timing.c"
../src/timing.c: In function 'main':
../src/timing.c:265:42: warning: format '%d' expects argument of type 'int', but argument 2 has type 'u32' {aka 'long unsigned int'} [-Wformat=]
  265 |                                 printf("%d\n\r",cycle_count);
      |                                         ~^      ~~~~~~~~~~~
      |                                          |      |
      |                                          int    u32 {aka long unsigned int}
      |                                         %ld
../src/timing.c:190:31: warning: unused variable 'Data' [-Wunused-variable]
  190 |         volatile unsigned int Data;
      |                               ^~~~
../src/timing.c:189:13: warning: unused variable 'Addr' [-Wunused-variable]
  189 |         u32 Addr;
      |             ^~~~
../src/timing.c:188:13: warning: unused variable 'timer_val_before' [-Wunused-variable]
  188 |         int timer_val_before; //Used to store the timer value before executing the operation being timed
      |             ^~~~~~~~~~~~~~~~
../src/timing.c:187:13: warning: unused variable 'i' [-Wunused-variable]
  187 |         u32 i = 0;
      |             ^
'Finished building: ../src/timing.c'
' '
'Building target: Hello_World.elf'
'Invoking: MicroBlaze gcc linker'
mb-gcc -Wl,-T -Wl,../src/lscript.ld -LC:/Users/ryand/OneDrive/Documents/Xilinx/ECE153A/Vitis/ECE153a_Lab1/ECE153a_Lab1/export/ECE153a_Lab1/sw/ECE153a_Lab1/standalone_domain/bsplib/lib -mlittle-endian -mxl-barrel-shift -mcpu=v11.0 -mno-xl-soft-mul -Wl,--no-relax -Wl,--gc-sections -o "Hello_World.elf"  ./src/extra.o ./src/platform.o ./src/sevenSeg_new.o ./src/timing.o   -Wl,--start-group,-lxil,-lgcc,-lc,--end-group
'Finished building target: Hello_World.elf'
' '
'Invoking: MicroBlaze Print Size'
mb-size Hello_World.elf  |tee "Hello_World.elf.size"
   text	   data	    bss	    dec	    hex	filename
  73684	   1812	   8568	  84064	  14860	Hello_World.elf
'Finished building: Hello_World.elf.size'
' '
